[31956][1784860182763][main][info]["Booting Postman 12.20.2, linux-7.1.4-1-cachyos on x64"]
[31956][1784860182768][main][info]["EventBus~initialize - Success"]
[31956][1784860182770][main][info]["AppBadgeService: model-events lifecycle subscription installed"]
[31956][1784860182774][main][info]["Proxy configuration has not been setup"]
[31956][1784860182774][main][info]["CloudProxyManager~init - Success"]
[31956][1784860182779][main][info]["performShellDataMigration: Starting shell data migration"]
[31956][1784860182780][main][info]["migrateShellData:Starting"]
[31956][1784860182784][main][info]["migrateShellData: Old storage cleaned up"]
[31956][1784860183179][main][info]["migrateShellData: Got data from shell. Writing to storage"]
[31956][1784860183189][main][info]["performShellDataMigration: Migration successful on try count 1"]
[31956][1784860183209][main][info]["UpdateHandler~init - Success"]
[31956][1784860183215][main][info]["LeaderSelection: Initialized successfully"]
[31956][1784860183379][main][info]["main~onAppReady - Mock server IPC setup successful"]
[31956][1784860183402][main][info]["GPU detected VID 4098 DID 5592 ACTIVE true"]
[31956][1784860185614][main][info]["main.js: Agent started"]
[31956][1784860185615][main][info]["main.js: Payment view IPC handlers initialized"]
[31956][1784860185616][main][info]["main.js: Browser tab view IPC handlers initialized"]
[31956][1784860185623][main][info]["main.js: Browser tab Playwright IPC handlers initialized"]
[31956][1784860185624][main][info]["shellController~init: Success"]
[31956][1784860185625][main][info]["shellMeta~init: Success"]
[31956][1784860185625][main][info]["partitionMigrationService: State of V7 partition:"]
[31956][1784860185626][main][info]["partitionMigrationService: V7 partitions",[]]
[31956][1784860185627][main][info]["partitionMigrationService~rectifyNamespaceOfScratchPadPartition: There is no partition with scratchpad namespace"]
[31956][1784860185627][main][info]["partitionMigrationService~rectifyNamespaceOfScratchPadPartition: There is no transit partition which could have been used for scratchpad"]
[31956][1784860185627][main][info]["partitionMigrationService~init: Success"]
[31956][1784860185628][main][info]["partitionMigrationService~runV8PartitionsIntegrity: Two way migration~ removing the following partitions from v8",[]]
[31956][1784860185629][main][info]["userPartitionService~_rectifyTheActivePartitionOfApplication: Setting the active partition to ",null]
[31956][1784860185638][main][info]["Main~window-all-closed: fired",{"platform":"linux","isFirstRequesterBooted":false,"isRelaunchingRequesterWindows":false,"shouldQuit":false}]
[31956][1784860185638][main][info]["Main~window-all-closed: skipping quit (relaunch in progress)"]
[31956][1784860185662][main][info]["LinuxAutoUpdater~Cleanup - Initial cleanup successful"]
[31956][1784860185670][main][info]["newAccountRegionPreferenceService~getPreferenceWithFallback - Preference not found in storage."]
[31956][1784860185670][main][info]["newAccountRegionPreferenceService~getToggleMenuTemplate - Using preference:","useUSRegion"]
[31956][1784860185688][main][info]["userPartitionService~init: Success"]
[31956][1784860185717][main][info]["WindowManager~newRequesterWindow: called",{"source":"openFirstRequesterWindow","isFirstRequester":true,"hasAuthResponse":false,"hasWindowId":false,"isFirstRequesterBooted":false,"isRelaunchingRequesterWindows":false,"openWindowCount":0}]
[31956][1784860185718][main][info]["userPartitionService: State of v8 partition system:"]
[31956][1784860185719][main][info]["shell~init~getPartitionToLoad: loading scratchpad partition"]
[31956][1784860185719][main][info]["userPartitionService: List of partitions:",[]]
[31956][1784860185719][main][info]["userPartitionService: users global meta:",{}]
[31956][1784860185731][main][info]["Main:windowManager~newRequesterWindow: Fetch and update runtime config: undefined"]
[31956][1784860191455][main][info]["RuntimeIPCAgent~started: Success"]
[31956][1784860191515][main][info]["Main~scratchpadThemeAction:: action: set, value: dark"]
[31956][1784860191520][main][info]["Main~scratchpadThemeAction:: action: set, value: dark"]
[31956][1784860191548][main][info]["Main~scratchpadThemeAction:: action: set, value: dark"]
[31956][1784860191562][main][info]["UpdateHandler~app-update-events - Received event",{"name":"checkForElectronVersionUpdated","namespace":"appUpdate"}]
[31956][1784860191577][main][info]["windowManager: First requester booted successfully."]
[31956][1784860191578][main][info]["windowManager~restoreWindows: Restoring requester windows"]
[31956][1784860191578][main][info]["WebVersionService: Initialized successfully with version: undefined"]
[31956][1784860191578][main][info]["Main~AppEvents - Received booted event for process requester.Version undefined UI Version: undefined Desktop Platform Version: 12.20.2"]
[31956][1784860202938][main][info]["UpdateHandler~app-update-events - Received event",{"name":"updateElectron","namespace":"appUpdate","data":{"channel":"stable","version":"12.20.2","downloadVersion":"12.20.4","appId":"dc900794-3300-4616-9dbf-9fdd52b0f072","userAgent":"Mozilla/5.0 (X11; Linux x86_64) AppleWebKit/537.36 (KHTML, like Gecko) Postman/12.20.2 Electron/37.10.3 Safari/537.36","platform":"linux_64","downloadURL":"https://dl.pstmn.io/download/version/12.20.4/linux_64","updateServerDomain":"https://dl.pstmn.io/","additionalParamsString":"installationId=dc900794-3300-4616-9dbf-9fdd52b0f072&userId=0&syncEnabled=false&teamPlan=&teamId=0","kernelVersion":"7.1.4-1-cachyos","userId":"0"}}]
[31956][1784860202939][main][info]["LinuxUpdater~downloadUpdate - UpdateInfo received",{"channel":"stable","version":"12.20.2","downloadVersion":"12.20.4","appId":"dc900794-3300-4616-9dbf-9fdd52b0f072","userAgent":"Mozilla/5.0 (X11; Linux x86_64) AppleWebKit/537.36 (KHTML, like Gecko) Postman/12.20.2 Electron/37.10.3 Safari/537.36","platform":"linux_64","downloadURL":"https://dl.pstmn.io/download/version/12.20.4/linux_64","updateServerDomain":"https://dl.pstmn.io/","additionalParamsString":"installationId=dc900794-3300-4616-9dbf-9fdd52b0f072&userId=0&syncEnabled=false&teamPlan=&teamId=0","kernelVersion":"7.1.4-1-cachyos","userId":"0"}]
[31956][1784860203771][main][error]["@postman/app-updater: error",{"errno":-13,"code":"EACCES","syscall":"open","path":"/opt/postman/Postman-1784860202940.tar.gz","name":"Error","message":"EACCES: permission denied, open '/opt/postman/Postman-1784860202940.tar.gz'","stack":"Error: EACCES: permission denied, open '/opt/postman/Postman-1784860202940.tar.gz'"},{"context":{"api":"@postman/app-updater","domain":"starship"},"info":"{\"packageName\":\"Postman\",\"eID\":\"Postman-1784860202940\",\"downloadURL\":\"https://dl.pstmn.io/download/version/12.20.4/linux_64\",\"downloadDirectory\":\"/opt/postman\",\"downloadInfo\":{\"status\":\"DOWNLOAD_ERROR\",\"error\":{\"errno\":-13,\"code\":\"EACCES\",\"syscall\":\"open\",\"path\":\"/opt/postman/Postman-1784860202940.tar.gz\"},\"downloadDirectory\":\"/opt/postman\"}}"}]
[31956][1784860203773][main][info]["UpdateHandler~app-update-events - Received event",{"name":"electronAppUpdateError","namespace":"appUpdate","data":{"error":{"errno":-13,"code":"EACCES","syscall":"open","path":"/opt/postman/Postman-1784860202940.tar.gz","name":"Error","message":"EACCES: permission denied, open '/opt/postman/Postman-1784860202940.tar.gz'","stack":"Error: EACCES: permission denied, open '/opt/postman/Postman-1784860202940.tar.gz'"},"updateData":{"packageName":"Postman","eID":"Postman-1784860202940","downloadURL":"https://dl.pstmn.io/download/version/12.20.4/linux_64","downloadDirectory":"/opt/postman","downloadInfo":{"status":"DOWNLOAD_ERROR","error":{"errno":-13,"code":"EACCES","syscall":"open","path":"/opt/postman/Postman-1784860202940.tar.gz"},"downloadDirectory":"/opt/postman"}}}}]
[31956][1784860208804][main][info]["Main - model-events~user - (users, add) received"]
[31956][1784860208814][main][info]["Main~window-all-closed: fired",{"platform":"linux","isFirstRequesterBooted":false,"isRelaunchingRequesterWindows":false,"shouldQuit":false}]
[31956][1784860208815][main][info]["Main~window-all-closed: skipping quit (relaunch in progress)"]
[31956][1784860208854][main][info]["WebVersionService: Resetting UI version as user logged out/switched account"]
[31956][1784860208854][main][info]["WebVersionService: Resetting web app version"]
[31956][1784860209343][main][info]["AuthHandler~open: Received dom-ready event."]
[31956][1784860209350][main][info]["AuthHandler~open: Received did-finish-load event."]
[31956][1784860209680][main][warn]["AuthHandler~open: Current app is not default protocol client - Falling back to polling mechanism."]
[31956][1784860209683][main][info]["newAccountRegionPreferenceService~getPreferenceWithFallback - Preference not found in storage."]
[31956][1784860209684][main][info]["newAccountRegionPreferenceService~getRegionPreference - Using preference:","useUSRegion"]
[31956][1784860209684][main][info]["AuthHandler~open: new Account region preference:","us"]
[31956][1784860209684][main][info]["AuthHandler~open: get multiLoginToken token."]
[31956][1784860209685][main][info]["AuthHandler~open: Publishing initialize event to auth-window channel."]
[31956][1784860238239][main][info]["Main~window-all-closed: fired",{"platform":"linux","isFirstRequesterBooted":false,"isRelaunchingRequesterWindows":false,"shouldQuit":false}]
[31956][1784860238240][main][info]["Main~window-all-closed: skipping quit (relaunch in progress)"]
[31956][1784860238264][main][info]["WindowManager~newRequesterWindow: called",{"source":"openFirstRequesterWindow","isFirstRequester":true,"hasAuthResponse":true,"hasWindowId":true,"isFirstRequesterBooted":false,"isRelaunchingRequesterWindows":false,"openWindowCount":0}]
[31956][1784860238265][main][info]["Shell~init~loginUser: associating the user ","51092757"," with transit partition"]
[31956][1784860238266][main][info]["userPartitionService~getNewPartitionId: creating a partition with userId and teamId as 0"]
[31956][1784860238283][main][info]["userPartitionService~associateTransitPartition: ",{"partitionId":"573013d1-1e6b-40ea-aaa3-d6489e96d3b9","context":{"namespace":"users","userId":"51092757","teamId":"12425541","region":"us"}}]
[31956][1784860238305][main][info]["userPartitionService: State of v8 partition system:"]
[31956][1784860238305][main][info]["userPartitionService: List of partitions:",[{"partitionId":"573013d1-1e6b-40ea-aaa3-d6489e96d3b9","namespace":"users","userId":"51092757","teamId":"12425541","lastUpdated":"2026-07-24T02:30:38.283Z"},{"partitionId":"221ad43e-90f9-4b3c-96bd-30e75895b6de","namespace":"scratchPad","userId":0,"teamId":0,"isDirty":false}]]
[31956][1784860238306][main][info]["userPartitionService: users global meta:",{}]
[31956][1784860238314][main][info]["Main:windowManager~newRequesterWindow: found partition: 573013d1-1e6b-40ea-aaa3-d6489e96d3b9 for user: 51092757 on us"]
[31956][1784860238314][main][info]["Main:windowManager~newRequesterWindow: Fetch and update runtime config: us"]
[31956][1784860238363][main][info]["getDesktopReleaseVersionAsQueryParams: webVersion: "]
[31956][1784860246019][main][info]["Main~getRemoteInitPath:: "]
[31956][1784860246342][main][info]["Main - model-events~user - (user, updated) received"]
[31956][1784860246348][main][info]["Main~reload: https://desktop.postman.com/?desktopVersion=12.20.2&userId=51092757&teamId=12425541&region=us"]
[31956][1784860247020][main][info]["UpdateHandler~app-update-events - Received event",{"name":"checkForElectronVersionUpdated","namespace":"appUpdate"}]
[31956][1784860247028][main][info]["INTERCEPTOR CONNECTIVITY: Connecting to Interceptor Bridge"]
[31956][1784860247104][main][info]["windowManager: First requester booted successfully."]
[31956][1784860247104][main][info]["windowManager~restoreWindows: Restoring requester windows"]
[31956][1784860247104][main][info]["WebVersionService: Initialized successfully with version: 12.20.2-ui-260722-0232"]
[31956][1784860247105][main][info]["Main~AppEvents - Received booted event for process requester.Version 12.20.2 UI Version: 12.20.2-ui-260722-0232 Desktop Platform Version: 12.20.2"]
[31956][1784860247521][main][info]["Main~getPlatformLaunchPerfMetrics"]
[31956][1784860247692][main][info]["INTERCEPTOR CONNECTIVITY: Attempting to start websocket server on port 15611"]
[31956][1784860249637][main][info]["Main~getRemoteInitPath:: "]
[31956][1784860249722][main][info]["AppBadgeService: lifecycle event received",{"namespace":"user","name":"bootstrapUser","action":"unsuppress"}]
[31956][1784860249723][main][info]["Main - model-events~user - (user, bootstrapUser) received"]
[31956][1784860249723][main][info]["model-events~user - bootstrapUser received"]
[31956][1784860249931][main][info]["Main - model-events~user - (user, updated) received"]
[31956][1784860249937][main][info]["AppBadgeService: lifecycle event received",{"namespace":"user","name":"bootstrapUser","action":"unsuppress"}]
[31956][1784860249939][main][info]["Main - model-events~user - (user, bootstrapUser) received"]
[31956][1784860249940][main][info]["model-events~user - bootstrapUser received"]
[31956][1784860250415][main][info]["Main - model-events~user - (user, updated) received"]
[31956][1784860250437][main][info]["AppBadgeService: lifecycle event received",{"namespace":"user","name":"bootstrappedUser","action":"unsuppress"}]
[31956][1784860250438][main][info]["Main - model-events~user - (user, bootstrappedUser) received"]
[31956][1784860250608][main][info]["UpdateHandler~app-update-events - Received event",{"name":"checkForElectronVersionUpdated","namespace":"appUpdate"}]
[31956][1784860250690][main][info]["WebVersionService: Initialized successfully with version: 12.20.2-ui-260722-0232"]
[31956][1784860250690][main][info]["Main~AppEvents - Received booted event for process requester.Version 12.20.2 UI Version: 12.20.2-ui-260722-0232 Desktop Platform Version: 12.20.2"]
[31956][1784860251088][main][info]["Main~getPlatformLaunchPerfMetrics"]
[31956][1784860251121][main][info]["Main - model-events~user - (user, updated) received"]
[31956][1784860251147][main][info]["AppBadgeService: lifecycle event received",{"namespace":"user","name":"bootstrappedUser","action":"unsuppress"}]
[31956][1784860251147][main][info]["Main - model-events~user - (user, bootstrappedUser) received"]
[31956][1784860260450][main][info]["Agent.worker: Agent process started"]
[31956][1784860260552][main][info]["Initializing provider:","runtime"]
[31956][1784860260555][main][info]["Initializing provider:","cloudFiles"]
[31956][1784860260559][main][info]["Agent.worker: Provider initialized","cloudFiles"]
[31956][1784860261130][main][info]["Agent.worker: Provider initialized","runtime"]
[31956][1784860261137][main][error]["Error while retrieving user key from keychain",{"code":null,"name":"Error","message":"The name is not activatable"}]
[31956][1784860262445][main][info]["UpdateHandler~app-update-events - Received event",{"name":"updateElectron","namespace":"appUpdate","data":{"channel":"stable","version":"12.20.2","downloadVersion":"12.20.4","appId":"dc900794-3300-4616-9dbf-9fdd52b0f072","userAgent":"Mozilla/5.0 (X11; Linux x86_64) AppleWebKit/537.36 (KHTML, like Gecko) Postman/12.20.2 Electron/37.10.3 Safari/537.36","platform":"linux_64","downloadURL":"https://dl.pstmn.io/download/version/12.20.4/linux_64","updateServerDomain":"https://dl.pstmn.io/","additionalParamsString":"installationId=dc900794-3300-4616-9dbf-9fdd52b0f072&userId=51092757&syncEnabled=1&teamPlan=sync-free-202603&teamId=12425541","kernelVersion":"7.1.4-1-cachyos","userId":"51092757"}}]
[31956][1784860262445][main][info]["LinuxUpdater~downloadUpdate - UpdateInfo received",{"channel":"stable","version":"12.20.2","downloadVersion":"12.20.4","appId":"dc900794-3300-4616-9dbf-9fdd52b0f072","userAgent":"Mozilla/5.0 (X11; Linux x86_64) AppleWebKit/537.36 (KHTML, like Gecko) Postman/12.20.2 Electron/37.10.3 Safari/537.36","platform":"linux_64","downloadURL":"https://dl.pstmn.io/download/version/12.20.4/linux_64","updateServerDomain":"https://dl.pstmn.io/","additionalParamsString":"installationId=dc900794-3300-4616-9dbf-9fdd52b0f072&userId=51092757&syncEnabled=1&teamPlan=sync-free-202603&teamId=12425541","kernelVersion":"7.1.4-1-cachyos","userId":"51092757"}]
[31956][1784860263280][main][error]["@postman/app-updater: error",{"errno":-13,"code":"EACCES","syscall":"open","path":"/opt/postman/Postman-1784860262446.tar.gz","name":"Error","message":"EACCES: permission denied, open '/opt/postman/Postman-1784860262446.tar.gz'","stack":"Error: EACCES: permission denied, open '/opt/postman/Postman-1784860262446.tar.gz'"},{"context":{"api":"@postman/app-updater","domain":"starship","sessionId":31956,"origin":"main","timestamp":1784860203771,"context":"@postman/app-updater: error","message":"EACCES: permission denied, open '/opt/postman/Postman-1784860202940.tar.gz'","stack":"Error: EACCES: permission denied, open '/opt/postman/Postman-1784860202940.tar.gz'","info":"{\"packageName\":\"Postman\",\"eID\":\"Postman-1784860202940\",\"downloadURL\":\"https://dl.pstmn.io/download/version/12.20.4/linux_64\",\"downloadDirectory\":\"/opt/postman\",\"downloadInfo\":{\"status\":\"DOWNLOAD_ERROR\",\"error\":{\"errno\":-13,\"code\":\"EACCES\",\"syscall\":\"open\",\"path\":\"/opt/postman/Postman-1784860202940.tar.gz\"},\"downloadDirectory\":\"/opt/postman\"}}"},"info":"{\"packageName\":\"Postman\",\"eID\":\"Postman-1784860262446\",\"downloadURL\":\"https://dl.pstmn.io/download/version/12.20.4/linux_64\",\"downloadDirectory\":\"/opt/postman\",\"downloadInfo\":{\"status\":\"DOWNLOAD_ERROR\",\"error\":{\"errno\":-13,\"code\":\"EACCES\",\"syscall\":\"open\",\"path\":\"/opt/postman/Postman-1784860262446.tar.gz\"},\"downloadDirectory\":\"/opt/postman\"}}"}]
[31956][1784860263290][main][info]["UpdateHandler~app-update-events - Received event",{"name":"electronAppUpdateError","namespace":"appUpdate","data":{"error":{"errno":-13,"code":"EACCES","syscall":"open","path":"/opt/postman/Postman-1784860262446.tar.gz","name":"Error","message":"EACCES: permission denied, open '/opt/postman/Postman-1784860262446.tar.gz'","stack":"Error: EACCES: permission denied, open '/opt/postman/Postman-1784860262446.tar.gz'"},"updateData":{"packageName":"Postman","eID":"Postman-1784860262446","downloadURL":"https://dl.pstmn.io/download/version/12.20.4/linux_64","downloadDirectory":"/opt/postman","downloadInfo":{"status":"DOWNLOAD_ERROR","error":{"errno":-13,"code":"EACCES","syscall":"open","path":"/opt/postman/Postman-1784860262446.tar.gz"},"downloadDirectory":"/opt/postman"}}}}]
[31956][1784863064012][main][info]["WindowManager~closeHandler - Closed Window (id: 4 )"]
[31956][1784863064083][main][info]["Main~window-all-closed: fired",{"platform":"linux","isFirstRequesterBooted":true,"isRelaunchingRequesterWindows":false,"shouldQuit":true}]
[31956][1784863064083][main][info]["Main~window-all-closed: calling app.quit()"]
[31956][1784863064084][main][info]["Quitting app"]
[31956][1784863064087][main][info]["Mock servers cleanup completed"]
[26156][1785457712471][main][info]["Booting Postman 12.20.2, linux-7.1.5-1-cachyos on x64"]
[26156][1785457712478][main][info]["EventBus~initialize - Success"]
[26156][1785457712495][main][info]["Proxy configuration has not been setup"]
[26156][1785457712496][main][info]["CloudProxyManager~init - Success"]
[26156][1785457712510][main][info]["performShellDataMigration: Migration has already been done. Bailing out"]
[26156][1785457712519][main][info]["LeaderSelection: Initialized successfully"]
[26156][1785457712755][main][info]["main~onAppReady - Mock server IPC setup successful"]
[26156][1785457712786][main][info]["GPU detected VID 4098 DID 5592 ACTIVE true"]
[26156][1785457714847][main][info]["main.js: Agent started"]
[26156][1785457714848][main][info]["main.js: Payment view IPC handlers initialized"]
[26156][1785457714849][main][info]["main.js: Browser tab view IPC handlers initialized"]
[26156][1785457714868][main][info]["main.js: Browser tab Playwright IPC handlers initialized"]
[26156][1785457714870][main][info]["shellController~init: Success"]
[26156][1785457714870][main][info]["shellMeta~init: Success"]
[26156][1785457714871][main][info]["partitionMigrationService: State of V7 partition:"]
[26156][1785457714871][main][info]["partitionMigrationService: V7 partitions",[]]
[26156][1785457714872][main][info]["partitionMigrationService~rectifyNamespaceOfScratchPadPartition: There is no partition with scratchpad namespace"]
[26156][1785457714872][main][info]["partitionMigrationService~rectifyNamespaceOfScratchPadPartition: There is no transit partition which could have been used for scratchpad"]
[26156][1785457714872][main][info]["partitionMigrationService~init: Success"]
[26156][1785457714874][main][info]["partitionMigrationService~runV8PartitionsIntegrity: Two way migration~ removing the following partitions from v8",[]]
[26156][1785457714875][main][info]["userPartitionService~getRecentV8UserPartition: recent v8 user context partition ","573013d1-1e6b-40ea-aaa3-d6489e96d3b9"]
[26156][1785457714875][main][info]["userPartitionService~_rectifyTheActivePartitionOfApplication: Setting the active partition to ","573013d1-1e6b-40ea-aaa3-d6489e96d3b9"]
[26156][1785457714892][main][info]["newAccountRegionPreferenceService~getPreferenceWithFallback - Preference not found in storage."]
[26156][1785457714893][main][info]["newAccountRegionPreferenceService~getToggleMenuTemplate - Using preference:","useUSRegion"]
[26156][1785457714938][main][info]["UpdateHandler~init - Success"]
[26156][1785457714940][main][info]["userPartitionService~init: Success"]
[26156][1785457714954][main][info]["LinuxAutoUpdater~Cleanup - Initial cleanup successful"]
[26156][1785457714977][main][info]["WindowManager~newRequesterWindow: called",{"source":"openFirstRequesterWindow","isFirstRequester":true,"hasAuthResponse":false,"hasWindowId":true,"isFirstRequesterBooted":false,"isRelaunchingRequesterWindows":false,"openWindowCount":0}]
[26156][1785457714978][main][info]["userPartitionService: State of v8 partition system:"]
[26156][1785457714978][main][info]["shell~init~getPartitionToLoad: loading active partition"]
[26156][1785457714979][main][info]["userPartitionService: List of partitions:",[{"partitionId":"573013d1-1e6b-40ea-aaa3-d6489e96d3b9","namespace":"users","userId":"51092757","teamId":"12425541","lastUpdated":"2026-07-24T02:30:38.310Z"},{"partitionId":"221ad43e-90f9-4b3c-96bd-30e75895b6de","namespace":"scratchPad","userId":0,"teamId":0,"isDirty":false}]]
[26156][1785457714979][main][info]["userPartitionService: users global meta:",{}]
[26156][1785457714980][main][info]["Main:windowManager~newRequesterWindow: Fetch and update runtime config: us"]
[26156][1785457715103][main][info]["getDesktopReleaseVersionAsQueryParams: webVersion: "]
[26156][1785457719488][main][info]["Main~getRemoteInitPath:: "]
[26156][1785457719576][main][info]["Main - model-events~user - (user, bootstrapUser) received"]
[26156][1785457719579][main][info]["model-events~user - bootstrapUser received"]
[26156][1785457719664][main][info]["UpdateHandler~app-update-events - Received event",{"name":"checkForElectronVersionUpdated","namespace":"appUpdate"}]
[26156][1785457719669][main][info]["INTERCEPTOR CONNECTIVITY: Connecting to Interceptor Bridge"]
[26156][1785457719778][main][info]["windowManager: First requester booted successfully."]
[26156][1785457719779][main][info]["windowManager~restoreWindows: Restoring requester windows"]
[26156][1785457719780][main][info]["WebVersionService: Initialized successfully with version: 12.20.2-ui-260722-0232"]
[26156][1785457719780][main][info]["Main~AppEvents - Received booted event for process requester.Version 12.20.2 UI Version: 12.20.2-ui-260722-0232 Desktop Platform Version: 12.20.2"]
[26156][1785457721772][main][info]["INTERCEPTOR CONNECTIVITY: Attempting to start websocket server on port 15611"]
[26156][1785457725487][main][info]["Main - model-events~user - (user, updated) received"]
[26156][1785457727112][main][info]["Main - model-events~user - (user, bootstrappedUser) received"]
[26156][1785457729200][main][info]["Agent.worker: Agent process started"]
[26156][1785457729346][main][info]["Initializing provider:","runtime"]
[26156][1785457729347][main][info]["Initializing provider:","cloudFiles"]
[26156][1785457729348][main][info]["Agent.worker: Provider initialized","cloudFiles"]
[26156][1785457729735][main][info]["Main~getPlatformLaunchPerfMetrics"]
[26156][1785457729934][main][info]["Agent.worker: Provider initialized","runtime"]
[26156][1785457729943][main][error]["Error while retrieving user key from keychain",{"code":null,"name":"Error","message":"The name is not activatable"}]
[26156][1785457731356][main][info]["UpdateHandler~app-update-events - Received event",{"name":"updateElectron","namespace":"appUpdate","data":{"channel":"stable","version":"12.20.2","downloadVersion":"12.21.7","appId":"dc900794-3300-4616-9dbf-9fdd52b0f072","userAgent":"Mozilla/5.0 (X11; Linux x86_64) AppleWebKit/537.36 (KHTML, like Gecko) Postman/12.20.2 Electron/37.10.3 Safari/537.36","platform":"linux_64","downloadURL":"https://dl.pstmn.io/download/version/12.21.7/linux_64","updateServerDomain":"https://dl.pstmn.io/","additionalParamsString":"installationId=dc900794-3300-4616-9dbf-9fdd52b0f072&userId=51092757&syncEnabled=1&teamPlan=sync-free-202603&teamId=12425541","kernelVersion":"7.1.5-1-cachyos","userId":"51092757"}}]
[26156][1785457731357][main][info]["LinuxUpdater~downloadUpdate - UpdateInfo received",{"channel":"stable","version":"12.20.2","downloadVersion":"12.21.7","appId":"dc900794-3300-4616-9dbf-9fdd52b0f072","userAgent":"Mozilla/5.0 (X11; Linux x86_64) AppleWebKit/537.36 (KHTML, like Gecko) Postman/12.20.2 Electron/37.10.3 Safari/537.36","platform":"linux_64","downloadURL":"https://dl.pstmn.io/download/version/12.21.7/linux_64","updateServerDomain":"https://dl.pstmn.io/","additionalParamsString":"installationId=dc900794-3300-4616-9dbf-9fdd52b0f072&userId=51092757&syncEnabled=1&teamPlan=sync-free-202603&teamId=12425541","kernelVersion":"7.1.5-1-cachyos","userId":"51092757"}]
[26156][1785457732350][main][error]["@postman/app-updater: error",{"errno":-13,"code":"EACCES","syscall":"open","path":"/opt/postman/Postman-1785457731358.tar.gz","name":"Error","message":"EACCES: permission denied, open '/opt/postman/Postman-1785457731358.tar.gz'","stack":"Error: EACCES: permission denied, open '/opt/postman/Postman-1785457731358.tar.gz'"},{"context":{"api":"@postman/app-updater","domain":"starship"},"info":"{\"packageName\":\"Postman\",\"eID\":\"Postman-1785457731358\",\"downloadURL\":\"https://dl.pstmn.io/download/version/12.21.7/linux_64\",\"downloadDirectory\":\"/opt/postman\",\"downloadInfo\":{\"status\":\"DOWNLOAD_ERROR\",\"error\":{\"errno\":-13,\"code\":\"EACCES\",\"syscall\":\"open\",\"path\":\"/opt/postman/Postman-1785457731358.tar.gz\"},\"downloadDirectory\":\"/opt/postman\"}}"}]
[26156][1785457732355][main][info]["UpdateHandler~app-update-events - Received event",{"name":"electronAppUpdateError","namespace":"appUpdate","data":{"error":{"errno":-13,"code":"EACCES","syscall":"open","path":"/opt/postman/Postman-1785457731358.tar.gz","name":"Error","message":"EACCES: permission denied, open '/opt/postman/Postman-1785457731358.tar.gz'","stack":"Error: EACCES: permission denied, open '/opt/postman/Postman-1785457731358.tar.gz'"},"updateData":{"packageName":"Postman","eID":"Postman-1785457731358","downloadURL":"https://dl.pstmn.io/download/version/12.21.7/linux_64","downloadDirectory":"/opt/postman","downloadInfo":{"status":"DOWNLOAD_ERROR","error":{"errno":-13,"code":"EACCES","syscall":"open","path":"/opt/postman/Postman-1785457731358.tar.gz"},"downloadDirectory":"/opt/postman"}}}}]
[26156][1785457853543][main][info]["RuntimeIPCAgent~started: Success"]
[26156][1785457853588][main][info]["Initializing provider:","fs"]
[26156][1785457853590][main][info]["Agent.worker: Provider initialized","fs"]
[26156][1785461050336][main][info]["WindowManager~closeHandler - Closed Window (id: 1 )"]
[26156][1785461050519][main][info]["Main~window-all-closed: fired",{"platform":"linux","isFirstRequesterBooted":true,"isRelaunchingRequesterWindows":false,"shouldQuit":true}]
[26156][1785461050520][main][info]["Main~window-all-closed: calling app.quit()"]
[26156][1785461050526][main][info]["Quitting app"]
[26156][1785461050556][main][info]["Mock servers cleanup completed"]
[119234][1785464310335][main][info]["Booting Postman 12.20.2, linux-7.1.5-1-cachyos on x64"]
[119234][1785464310345][main][info]["EventBus~initialize - Success"]
[119234][1785464310365][main][info]["Proxy configuration has not been setup"]
[119234][1785464310368][main][info]["CloudProxyManager~init - Success"]
[119234][1785464310387][main][info]["performShellDataMigration: Migration has already been done. Bailing out"]
[119234][1785464310400][main][info]["LeaderSelection: Initialized successfully"]
[119234][1785464310711][main][info]["main~onAppReady - Mock server IPC setup successful"]
[119234][1785464310745][main][info]["GPU detected VID 4098 DID 5592 ACTIVE true"]
[119234][1785464313732][main][info]["main.js: Agent started"]
[119234][1785464313733][main][info]["main.js: Payment view IPC handlers initialized"]
[119234][1785464313734][main][info]["main.js: Browser tab view IPC handlers initialized"]
[119234][1785464313756][main][info]["main.js: Browser tab Playwright IPC handlers initialized"]
[119234][1785464313758][main][info]["shellController~init: Success"]
[119234][1785464313758][main][info]["shellMeta~init: Success"]
[119234][1785464313759][main][info]["partitionMigrationService: State of V7 partition:"]
[119234][1785464313760][main][info]["partitionMigrationService: V7 partitions",[]]
[119234][1785464313761][main][info]["partitionMigrationService~rectifyNamespaceOfScratchPadPartition: There is no partition with scratchpad namespace"]
[119234][1785464313761][main][info]["partitionMigrationService~rectifyNamespaceOfScratchPadPartition: There is no transit partition which could have been used for scratchpad"]
[119234][1785464313761][main][info]["partitionMigrationService~init: Success"]
[119234][1785464313763][main][info]["partitionMigrationService~runV8PartitionsIntegrity: Two way migration~ removing the following partitions from v8",[]]
[119234][1785464313764][main][info]["userPartitionService~getRecentV8UserPartition: recent v8 user context partition ","573013d1-1e6b-40ea-aaa3-d6489e96d3b9"]
[119234][1785464313764][main][info]["userPartitionService~_rectifyTheActivePartitionOfApplication: Setting the active partition to ","573013d1-1e6b-40ea-aaa3-d6489e96d3b9"]
[119234][1785464313781][main][info]["newAccountRegionPreferenceService~getPreferenceWithFallback - Preference not found in storage."]
[119234][1785464313782][main][info]["newAccountRegionPreferenceService~getToggleMenuTemplate - Using preference:","useUSRegion"]
[119234][1785464313796][main][info]["userPartitionService~init: Success"]
[119234][1785464313835][main][info]["UpdateHandler~init - Success"]
[119234][1785464313844][main][info]["LinuxAutoUpdater~Cleanup - Initial cleanup successful"]
[119234][1785464313865][main][info]["WindowManager~newRequesterWindow: called",{"source":"openFirstRequesterWindow","isFirstRequester":true,"hasAuthResponse":false,"hasWindowId":true,"isFirstRequesterBooted":false,"isRelaunchingRequesterWindows":false,"openWindowCount":0}]
[119234][1785464313866][main][info]["userPartitionService: State of v8 partition system:"]
[119234][1785464313867][main][info]["shell~init~getPartitionToLoad: loading active partition"]
[119234][1785464313867][main][info]["userPartitionService: List of partitions:",[{"partitionId":"573013d1-1e6b-40ea-aaa3-d6489e96d3b9","namespace":"users","userId":"51092757","teamId":"12425541","lastUpdated":"2026-07-24T02:30:38.310Z"},{"partitionId":"221ad43e-90f9-4b3c-96bd-30e75895b6de","namespace":"scratchPad","userId":0,"teamId":0,"isDirty":false}]]
[119234][1785464313868][main][info]["userPartitionService: users global meta:",{}]
[119234][1785464313869][main][info]["Main:windowManager~newRequesterWindow: Fetch and update runtime config: us"]
[119234][1785464313991][main][info]["getDesktopReleaseVersionAsQueryParams: webVersion: "]
[119234][1785464318472][main][info]["Main~getRemoteInitPath:: "]
[119234][1785464318602][main][info]["Main - model-events~user - (user, bootstrapUser) received"]
[119234][1785464318605][main][info]["model-events~user - bootstrapUser received"]
[119234][1785464318680][main][info]["UpdateHandler~app-update-events - Received event",{"name":"checkForElectronVersionUpdated","namespace":"appUpdate"}]
[119234][1785464318684][main][info]["INTERCEPTOR CONNECTIVITY: Connecting to Interceptor Bridge"]
[119234][1785464318810][main][info]["windowManager: First requester booted successfully."]
[119234][1785464318811][main][info]["windowManager~restoreWindows: Restoring requester windows"]
[119234][1785464318812][main][info]["WebVersionService: Initialized successfully with version: 12.20.2-ui-260722-0232"]
[119234][1785464318812][main][info]["Main~AppEvents - Received booted event for process requester.Version 12.20.2 UI Version: 12.20.2-ui-260722-0232 Desktop Platform Version: 12.20.2"]
[119234][1785464319650][main][info]["INTERCEPTOR CONNECTIVITY: Attempting to start websocket server on port 15611"]
[119234][1785464324355][main][info]["Main - model-events~user - (user, updated) received"]
[119234][1785464325722][main][info]["Main - model-events~user - (user, bootstrappedUser) received"]
[119234][1785464329326][main][info]["RuntimeIPCAgent~started: Success"]
[119234][1785464329401][main][info]["Main~getPlatformLaunchPerfMetrics"]
[119234][1785464330418][main][info]["Agent.worker: Agent process started"]
[119234][1785464330425][main][info]["Initializing provider:","runtime"]
[119234][1785464330426][main][info]["Initializing provider:","cloudFiles"]
[119234][1785464330427][main][info]["Agent.worker: Provider initialized","cloudFiles"]
[119234][1785464330969][main][info]["Agent.worker: Provider initialized","runtime"]
[119234][1785464330971][main][info]["Initializing provider:","fs"]
[119234][1785464330972][main][info]["Agent.worker: Provider initialized","fs"]
[119234][1785464330984][main][error]["Error while retrieving user key from keychain",{"code":null,"name":"Error","message":"The name is not activatable"}]
[119234][1785467465278][main][info]["WindowManager~closeHandler - Closed Window (id: 1 )"]
[119234][1785467465379][main][info]["Main~window-all-closed: fired",{"platform":"linux","isFirstRequesterBooted":true,"isRelaunchingRequesterWindows":false,"shouldQuit":true}]
[119234][1785467465380][main][info]["Main~window-all-closed: calling app.quit()"]
[119234][1785467465382][main][info]["Quitting app"]
[119234][1785467465393][main][info]["Mock servers cleanup completed"]
[29716][1786669335602][main][info]["Booting Postman 12.20.2, linux-7.1.8-1-cachyos on x64"]
[29716][1786669335609][main][info]["EventBus~initialize - Success"]
[29716][1786669335628][main][info]["Proxy configuration has not been setup"]
[29716][1786669335630][main][info]["CloudProxyManager~init - Success"]
[29716][1786669335654][main][info]["performShellDataMigration: Migration has already been done. Bailing out"]
[29716][1786669335669][main][info]["LeaderSelection: Initialized successfully"]
[29716][1786669336075][main][info]["main~onAppReady - Mock server IPC setup successful"]
[29716][1786669336178][main][info]["GPU detected VID 4098 DID 5592 ACTIVE true"]
[29716][1786669337645][main][info]["main.js: Agent started"]
[29716][1786669337646][main][info]["main.js: Payment view IPC handlers initialized"]
[29716][1786669337647][main][info]["main.js: Browser tab view IPC handlers initialized"]
[29716][1786669337665][main][info]["main.js: Browser tab Playwright IPC handlers initialized"]
[29716][1786669337667][main][info]["shellController~init: Success"]
[29716][1786669337668][main][info]["shellMeta~init: Success"]
[29716][1786669337668][main][info]["partitionMigrationService: State of V7 partition:"]
[29716][1786669337669][main][info]["partitionMigrationService: V7 partitions",[]]
[29716][1786669337669][main][info]["partitionMigrationService~rectifyNamespaceOfScratchPadPartition: There is no partition with scratchpad namespace"]
[29716][1786669337669][main][info]["partitionMigrationService~rectifyNamespaceOfScratchPadPartition: There is no transit partition which could have been used for scratchpad"]
[29716][1786669337670][main][info]["partitionMigrationService~init: Success"]
[29716][1786669337671][main][info]["partitionMigrationService~runV8PartitionsIntegrity: Two way migration~ removing the following partitions from v8",[]]
[29716][1786669337672][main][info]["userPartitionService~getRecentV8UserPartition: recent v8 user context partition ","573013d1-1e6b-40ea-aaa3-d6489e96d3b9"]
[29716][1786669337673][main][info]["userPartitionService~_rectifyTheActivePartitionOfApplication: Setting the active partition to ","573013d1-1e6b-40ea-aaa3-d6489e96d3b9"]
[29716][1786669337690][main][info]["newAccountRegionPreferenceService~getPreferenceWithFallback - Preference not found in storage."]
[29716][1786669337690][main][info]["newAccountRegionPreferenceService~getToggleMenuTemplate - Using preference:","useUSRegion"]
[29716][1786669337705][main][info]["userPartitionService~init: Success"]
[29716][1786669337746][main][info]["UpdateHandler~init - Success"]
[29716][1786669337755][main][info]["LinuxAutoUpdater~Cleanup - Initial cleanup successful"]
[29716][1786669337776][main][info]["WindowManager~newRequesterWindow: called",{"source":"openFirstRequesterWindow","isFirstRequester":true,"hasAuthResponse":false,"hasWindowId":true,"isFirstRequesterBooted":false,"isRelaunchingRequesterWindows":false,"openWindowCount":0}]
[29716][1786669337778][main][info]["userPartitionService: State of v8 partition system:"]
[29716][1786669337778][main][info]["shell~init~getPartitionToLoad: loading active partition"]
[29716][1786669337779][main][info]["userPartitionService: List of partitions:",[{"partitionId":"573013d1-1e6b-40ea-aaa3-d6489e96d3b9","namespace":"users","userId":"51092757","teamId":"12425541","lastUpdated":"2026-07-24T02:30:38.310Z"},{"partitionId":"221ad43e-90f9-4b3c-96bd-30e75895b6de","namespace":"scratchPad","userId":0,"teamId":0,"isDirty":false}]]
[29716][1786669337779][main][info]["userPartitionService: users global meta:",{}]
[29716][1786669337780][main][info]["Main:windowManager~newRequesterWindow: Fetch and update runtime config: us"]
[29716][1786669337942][main][info]["getDesktopReleaseVersionAsQueryParams: webVersion: "]
[29716][1786669341683][main][info]["Main~getRemoteInitPath:: "]
[29716][1786669341835][main][info]["Main - model-events~user - (user, bootstrapUser) received"]
[29716][1786669341837][main][info]["model-events~user - bootstrapUser received"]
[29716][1786669341957][main][info]["UpdateHandler~app-update-events - Received event",{"name":"checkForElectronVersionUpdated","namespace":"appUpdate"}]
[29716][1786669341964][main][info]["INTERCEPTOR CONNECTIVITY: Connecting to Interceptor Bridge"]
[29716][1786669342074][main][info]["windowManager: First requester booted successfully."]
[29716][1786669342075][main][info]["windowManager~restoreWindows: Restoring requester windows"]
[29716][1786669342076][main][info]["WebVersionService: Initialized successfully with version: 12.20.2-ui-260722-0232"]
[29716][1786669342077][main][info]["Main~AppEvents - Received booted event for process requester.Version 12.20.2 UI Version: 12.20.2-ui-260722-0232 Desktop Platform Version: 12.20.2"]
[29716][1786669344027][main][info]["INTERCEPTOR CONNECTIVITY: Attempting to start websocket server on port 15611"]
[29716][1786669347487][main][info]["Main - model-events~user - (user, updated) received"]
[29716][1786669348280][main][info]["Main - model-events~user - (user, bootstrappedUser) received"]
[29716][1786669353796][main][info]["RuntimeIPCAgent~started: Success"]
[29716][1786669353946][main][info]["Main~getPlatformLaunchPerfMetrics"]
[29716][1786669354918][main][info]["UpdateHandler~app-update-events - Received event",{"name":"updateElectron","namespace":"appUpdate","data":{"channel":"stable","version":"12.20.2","downloadVersion":"12.23.2","appId":"dc900794-3300-4616-9dbf-9fdd52b0f072","userAgent":"Mozilla/5.0 (X11; Linux x86_64) AppleWebKit/537.36 (KHTML, like Gecko) Postman/12.20.2 Electron/37.10.3 Safari/537.36","platform":"linux_64","downloadURL":"https://dl.pstmn.io/download/version/12.23.2/linux_64","updateServerDomain":"https://dl.pstmn.io/","additionalParamsString":"installationId=dc900794-3300-4616-9dbf-9fdd52b0f072&userId=51092757&syncEnabled=1&teamPlan=sync-free-202603&teamId=12425541","kernelVersion":"7.1.8-1-cachyos","userId":"51092757"}}]
[29716][1786669354944][main][info]["LinuxUpdater~downloadUpdate - UpdateInfo received",{"channel":"stable","version":"12.20.2","downloadVersion":"12.23.2","appId":"dc900794-3300-4616-9dbf-9fdd52b0f072","userAgent":"Mozilla/5.0 (X11; Linux x86_64) AppleWebKit/537.36 (KHTML, like Gecko) Postman/12.20.2 Electron/37.10.3 Safari/537.36","platform":"linux_64","downloadURL":"https://dl.pstmn.io/download/version/12.23.2/linux_64","updateServerDomain":"https://dl.pstmn.io/","additionalParamsString":"installationId=dc900794-3300-4616-9dbf-9fdd52b0f072&userId=51092757&syncEnabled=1&teamPlan=sync-free-202603&teamId=12425541","kernelVersion":"7.1.8-1-cachyos","userId":"51092757"}]
[29716][1786669355451][main][info]["Agent.worker: Agent process started"]
[29716][1786669355464][main][info]["Initializing provider:","runtime"]
[29716][1786669355466][main][info]["Initializing provider:","cloudFiles"]
[29716][1786669355468][main][info]["Agent.worker: Provider initialized","cloudFiles"]
[29716][1786669356077][main][error]["@postman/app-updater: error",{"errno":-13,"code":"EACCES","syscall":"open","path":"/opt/postman/Postman-1786669354979.tar.gz","name":"Error","message":"EACCES: permission denied, open '/opt/postman/Postman-1786669354979.tar.gz'","stack":"Error: EACCES: permission denied, open '/opt/postman/Postman-1786669354979.tar.gz'"},{"context":{"api":"@postman/app-updater","domain":"starship"},"info":"{\"packageName\":\"Postman\",\"eID\":\"Postman-1786669354979\",\"downloadURL\":\"https://dl.pstmn.io/download/version/12.23.2/linux_64\",\"downloadDirectory\":\"/opt/postman\",\"downloadInfo\":{\"status\":\"DOWNLOAD_ERROR\",\"error\":{\"errno\":-13,\"code\":\"EACCES\",\"syscall\":\"open\",\"path\":\"/opt/postman/Postman-1786669354979.tar.gz\"},\"downloadDirectory\":\"/opt/postman\"}}"}]
[29716][1786669356099][main][info]["UpdateHandler~app-update-events - Received event",{"name":"electronAppUpdateError","namespace":"appUpdate","data":{"error":{"errno":-13,"code":"EACCES","syscall":"open","path":"/opt/postman/Postman-1786669354979.tar.gz","name":"Error","message":"EACCES: permission denied, open '/opt/postman/Postman-1786669354979.tar.gz'","stack":"Error: EACCES: permission denied, open '/opt/postman/Postman-1786669354979.tar.gz'"},"updateData":{"packageName":"Postman","eID":"Postman-1786669354979","downloadURL":"https://dl.pstmn.io/download/version/12.23.2/linux_64","downloadDirectory":"/opt/postman","downloadInfo":{"status":"DOWNLOAD_ERROR","error":{"errno":-13,"code":"EACCES","syscall":"open","path":"/opt/postman/Postman-1786669354979.tar.gz"},"downloadDirectory":"/opt/postman"}}}}]
[29716][1786669356181][main][info]["Agent.worker: Provider initialized","runtime"]
[29716][1786669356219][main][info]["Initializing provider:","fs"]
[29716][1786669356222][main][info]["Agent.worker: Provider initialized","fs"]
[29716][1786683323507][main][info]["WindowManager~closeHandler - Closed Window (id: 1 )"]
[29716][1786683323741][main][info]["Main~window-all-closed: fired",{"platform":"linux","isFirstRequesterBooted":true,"isRelaunchingRequesterWindows":false,"shouldQuit":true}]
[29716][1786683323742][main][info]["Main~window-all-closed: calling app.quit()"]
[29716][1786683323749][main][info]["Quitting app"]
[29716][1786683323780][main][info]["Mock servers cleanup completed"]
